[2025-12-11 21:02:00] Starting benchmark orchestrator...
[2025-12-11 21:02:00] Log file: /home/pi/AI-TOUR-GUIDE/benchmarking/logs/20251211_210200.log
[2025-12-11 21:02:00] 
[2025-12-11 21:02:00] ✓ Preflight checks passed
[2025-12-11 21:02:00] 
[2025-12-11 21:02:00] Starting rd-usb daemon (nohup, survives SSH disconnect)...
[2025-12-11 21:02:02] ✓ rd-usb started (PID 24916)
[2025-12-11 21:02:02]   Power data: /home/pi/AI-TOUR-GUIDE/benchmarking/results/rd_usb_samples.csv
[2025-12-11 21:02:02] 
[2025-12-11 21:02:02] Attempt 1/3: Starting orchestrator...
[2025-12-11 21:02:02] Resume: DISABLED (fresh run, ignoring previous results.csv)
[2025-12-11 21:02:02] 
[2025-12-11 21:02:02] Orchestrator PID: 24973
[2025-12-11 21:02:02] 
[2025-12-11 21:02:13] Cleaning up...
[2025-12-11 21:02:13] Stopping rd-usb (PID 24916)...
[2025-12-11 21:02:13] Orchestrator was PID 24973
[2025-12-11 21:02:13] ✓ SUCCESS: Cleanup complete
[2025-12-11 21:02:13] ✗ ERROR: Orchestrator failed with exit code 130
[2025-12-11 21:02:13] Waiting 60s before retry...
[2025-12-11 21:02:14] Cleaning up...
[2025-12-11 21:02:14] ✓ SUCCESS: Cleanup complete
[2025-12-11 21:02:14] Cleaning up...
[2025-12-11 21:02:14] ✓ SUCCESS: Cleanup complete
