[2025-12-11 21:04:13] Starting benchmark orchestrator...
[2025-12-11 21:04:13] Log file: /home/pi/AI-TOUR-GUIDE/benchmarking/logs/20251211_210413.log
[2025-12-11 21:04:13] 
[2025-12-11 21:04:13] ✓ Preflight checks passed
[2025-12-11 21:04:13] 
[2025-12-11 21:04:13] Starting rd-usb daemon (nohup, survives SSH disconnect)...
[2025-12-11 21:04:15] ✓ rd-usb started (PID 32157)
[2025-12-11 21:04:15]   Power data: /home/pi/AI-TOUR-GUIDE/benchmarking/results/rd_usb_samples.csv
[2025-12-11 21:04:15] 
[2025-12-11 21:04:15] Attempt 1/3: Starting orchestrator...
[2025-12-11 21:04:15] Resume: DISABLED (fresh run, ignoring previous results.csv)
[2025-12-11 21:04:15] 
[2025-12-11 21:04:15] Orchestrator PID: 32329
[2025-12-11 21:04:15] 
[2025-12-11 21:04:25] Cleaning up...
[2025-12-11 21:04:25] Stopping rd-usb (PID 32157)...
[2025-12-11 21:04:25] Orchestrator was PID 32329
[2025-12-11 21:04:25] ✓ SUCCESS: Cleanup complete
[2025-12-11 21:04:25] ✗ ERROR: Orchestrator failed with exit code 130
[2025-12-11 21:04:25] Waiting 60s before retry...
[2025-12-11 21:04:27] Cleaning up...
[2025-12-11 21:04:27] ✓ SUCCESS: Cleanup complete
[2025-12-11 21:04:27] Cleaning up...
[2025-12-11 21:04:27] ✓ SUCCESS: Cleanup complete
