[2025-12-12 12:16:35] Starting benchmark orchestrator...
[2025-12-12 12:16:35] Log file: /home/pi/AI-TOUR-GUIDE/benchmarking/logs/20251212_121635.log
[2025-12-12 12:16:35] 
[2025-12-12 12:16:35] ✓ Preflight checks passed
[2025-12-12 12:16:35] 
[2025-12-12 12:16:35] Starting rd-usb daemon (nohup, survives SSH disconnect)...
[2025-12-12 12:16:37] ✓ rd-usb started (PID 3236829)
[2025-12-12 12:16:37]   Power data: /home/pi/AI-TOUR-GUIDE/benchmarking/results/rd_usb_samples.csv
[2025-12-12 12:16:37] 
[2025-12-12 12:16:37] Attempt 1/3: Starting orchestrator...
[2025-12-12 12:16:37] Resume: ENABLED (will skip completed runs if results.csv exists)
[2025-12-12 12:16:37] 
[2025-12-12 12:16:37] Orchestrator PID: 3236978
[2025-12-12 12:16:37] 
[2025-12-12 12:16:43] Cleaning up...
[2025-12-12 12:16:43] Stopping rd-usb (PID 3236829)...
[2025-12-12 12:16:43] Orchestrator was PID 3236978
[2025-12-12 12:16:43] ✓ SUCCESS: Cleanup complete
[2025-12-12 12:16:43] ✗ ERROR: Orchestrator failed with exit code 130
[2025-12-12 12:16:43] Waiting 60s before retry...
[2025-12-12 12:16:44] Cleaning up...
[2025-12-12 12:16:44] ✓ SUCCESS: Cleanup complete
[2025-12-12 12:16:44] Cleaning up...
[2025-12-12 12:16:44] ✓ SUCCESS: Cleanup complete
